// Jest Snapshot v1, https://goo.gl/fbAQLP

exports[`Header renders correctly 1`] = `
Object {
  "asFragment": [Function],
  "baseElement": <body>
    <div>
      <div>
        <header
          class="MuiPaper-root MuiPaper-elevation4 MuiAppBar-root MuiAppBar-positionAbsolute navbar MuiAppBar-colorPrimary"
          id="navbar-top"
        >
          <div
            class="MuiToolbar-root MuiToolbar-dense MuiToolbar-gutters"
            style="justify-content: space-around;"
          >
            <button
              aria-label="menu"
              class="MuiButtonBase-root MuiIconButton-root MuiIconButton-colorInherit MuiIconButton-edgeStart"
              tabindex="0"
              type="button"
            >
              <span
                class="MuiIconButton-label"
              >
                <h6
                  class="MuiTypography-root title MuiTypography-h6"
                >
                  Xian
                </h6>
              </span>
              <span
                class="MuiTouchRipple-root"
              />
            </button>
            <button
              aria-label="menu"
              class="MuiButtonBase-root MuiIconButton-root MuiIconButton-colorInherit MuiIconButton-edgeStart"
              tabindex="0"
              type="button"
            >
              <span
                class="MuiIconButton-label"
              >
                <div
                  class="MuiBox-root MuiBox-root-84"
                >
                  <h6
                    class="MuiTypography-root title MuiTypography-h6"
                  >
                    About
                  </h6>
                </div>
              </span>
              <span
                class="MuiTouchRipple-root"
              />
            </button>
            <button
              aria-label="menu"
              class="MuiButtonBase-root MuiIconButton-root MuiIconButton-colorInherit MuiIconButton-edgeStart"
              tabindex="0"
              type="button"
            >
              <span
                class="MuiIconButton-label"
              >
                <h6
                  class="MuiTypography-root title MuiTypography-h6"
                >
                  Blog
                </h6>
              </span>
              <span
                class="MuiTouchRipple-root"
              />
            </button>
          </div>
          <div
            class="scroll-button"
            role="presentation"
            style="transform: scale(0); visibility: hidden;"
          >
            <button
              aria-label="scroll back to top"
              class="MuiButtonBase-root MuiFab-root MuiFab-sizeSmall MuiFab-secondary"
              tabindex="0"
              type="button"
            >
              <span
                class="MuiFab-label"
              >
                <svg
                  aria-hidden="true"
                  class="MuiSvgIcon-root"
                  focusable="false"
                  role="presentation"
                  viewBox="0 0 24 24"
                >
                  <path
                    d="M7.41 15.41L12 10.83l4.59 4.58L18 14l-6-6-6 6z"
                  />
                </svg>
              </span>
              <span
                class="MuiTouchRipple-root"
              />
            </button>
            <style>
              
            .scroll-button {
              position: fixed;
              bottom: 2rem;
              right: 2rem;
            }
          
            </style>
          </div>
          <div
            style="transform: none; webkit-transition: transform 225ms cubic-bezier(0.4, 0, 0.2, 1) 0ms; transition: transform 225ms cubic-bezier(0.4, 0, 0.2, 1) 0ms;"
          >
            <svg
              aria-haspopup="true"
              aria-hidden="true"
              class="MuiSvgIcon-root makeStyles-icon-104"
              focusable="false"
              role="presentation"
              viewBox="0 0 24 24"
            >
              <path
                d="M20 2H4c-1.1 0-1.99.9-1.99 2L2 22l4-4h14c1.1 0 2-.9 2-2V4c0-1.1-.9-2-2-2zM6 9h12v2H6V9zm8 5H6v-2h8v2zm4-6H6V6h12v2z"
              />
            </svg>
          </div>
        </header>
        <style>
          
          .navbar {
            background-color: transparent;
            color: black;
            user-select: none;
          }
        
        </style>
      </div>
    </div>
  </body>,
  "container": <div>
    <div>
      <header
        class="MuiPaper-root MuiPaper-elevation4 MuiAppBar-root MuiAppBar-positionAbsolute navbar MuiAppBar-colorPrimary"
        id="navbar-top"
      >
        <div
          class="MuiToolbar-root MuiToolbar-dense MuiToolbar-gutters"
          style="justify-content: space-around;"
        >
          <button
            aria-label="menu"
            class="MuiButtonBase-root MuiIconButton-root MuiIconButton-colorInherit MuiIconButton-edgeStart"
            tabindex="0"
            type="button"
          >
            <span
              class="MuiIconButton-label"
            >
              <h6
                class="MuiTypography-root title MuiTypography-h6"
              >
                Xian
              </h6>
            </span>
            <span
              class="MuiTouchRipple-root"
            />
          </button>
          <button
            aria-label="menu"
            class="MuiButtonBase-root MuiIconButton-root MuiIconButton-colorInherit MuiIconButton-edgeStart"
            tabindex="0"
            type="button"
          >
            <span
              class="MuiIconButton-label"
            >
              <div
                class="MuiBox-root MuiBox-root-84"
              >
                <h6
                  class="MuiTypography-root title MuiTypography-h6"
                >
                  About
                </h6>
              </div>
            </span>
            <span
              class="MuiTouchRipple-root"
            />
          </button>
          <button
            aria-label="menu"
            class="MuiButtonBase-root MuiIconButton-root MuiIconButton-colorInherit MuiIconButton-edgeStart"
            tabindex="0"
            type="button"
          >
            <span
              class="MuiIconButton-label"
            >
              <h6
                class="MuiTypography-root title MuiTypography-h6"
              >
                Blog
              </h6>
            </span>
            <span
              class="MuiTouchRipple-root"
            />
          </button>
        </div>
        <div
          class="scroll-button"
          role="presentation"
          style="transform: scale(0); visibility: hidden;"
        >
          <button
            aria-label="scroll back to top"
            class="MuiButtonBase-root MuiFab-root MuiFab-sizeSmall MuiFab-secondary"
            tabindex="0"
            type="button"
          >
            <span
              class="MuiFab-label"
            >
              <svg
                aria-hidden="true"
                class="MuiSvgIcon-root"
                focusable="false"
                role="presentation"
                viewBox="0 0 24 24"
              >
                <path
                  d="M7.41 15.41L12 10.83l4.59 4.58L18 14l-6-6-6 6z"
                />
              </svg>
            </span>
            <span
              class="MuiTouchRipple-root"
            />
          </button>
          <style>
            
            .scroll-button {
              position: fixed;
              bottom: 2rem;
              right: 2rem;
            }
          
          </style>
        </div>
        <div
          style="transform: none; webkit-transition: transform 225ms cubic-bezier(0.4, 0, 0.2, 1) 0ms; transition: transform 225ms cubic-bezier(0.4, 0, 0.2, 1) 0ms;"
        >
          <svg
            aria-haspopup="true"
            aria-hidden="true"
            class="MuiSvgIcon-root makeStyles-icon-104"
            focusable="false"
            role="presentation"
            viewBox="0 0 24 24"
          >
            <path
              d="M20 2H4c-1.1 0-1.99.9-1.99 2L2 22l4-4h14c1.1 0 2-.9 2-2V4c0-1.1-.9-2-2-2zM6 9h12v2H6V9zm8 5H6v-2h8v2zm4-6H6V6h12v2z"
            />
          </svg>
        </div>
      </header>
      <style>
        
          .navbar {
            background-color: transparent;
            color: black;
            user-select: none;
          }
        
      </style>
    </div>
  </div>,
  "debug": [Function],
  "findAllByAltText": [Function],
  "findAllByDisplayValue": [Function],
  "findAllByLabelText": [Function],
  "findAllByPlaceholderText": [Function],
  "findAllByRole": [Function],
  "findAllByTestId": [Function],
  "findAllByText": [Function],
  "findAllByTitle": [Function],
  "findByAltText": [Function],
  "findByDisplayValue": [Function],
  "findByLabelText": [Function],
  "findByPlaceholderText": [Function],
  "findByRole": [Function],
  "findByTestId": [Function],
  "findByText": [Function],
  "findByTitle": [Function],
  "getAllByAltText": [Function],
  "getAllByDisplayValue": [Function],
  "getAllByLabelText": [Function],
  "getAllByPlaceholderText": [Function],
  "getAllByRole": [Function],
  "getAllByTestId": [Function],
  "getAllByText": [Function],
  "getAllByTitle": [Function],
  "getByAltText": [Function],
  "getByDisplayValue": [Function],
  "getByLabelText": [Function],
  "getByPlaceholderText": [Function],
  "getByRole": [Function],
  "getByTestId": [Function],
  "getByText": [Function],
  "getByTitle": [Function],
  "queryAllByAltText": [Function],
  "queryAllByDisplayValue": [Function],
  "queryAllByLabelText": [Function],
  "queryAllByPlaceholderText": [Function],
  "queryAllByRole": [Function],
  "queryAllByTestId": [Function],
  "queryAllByText": [Function],
  "queryAllByTitle": [Function],
  "queryByAltText": [Function],
  "queryByDisplayValue": [Function],
  "queryByLabelText": [Function],
  "queryByPlaceholderText": [Function],
  "queryByRole": [Function],
  "queryByTestId": [Function],
  "queryByText": [Function],
  "queryByTitle": [Function],
  "rerender": [Function],
  "unmount": [Function],
}
`;
